// Jest Snapshot v1, https://goo.gl/fbAQLP

exports[`AppView рендерится без ошибок 1`] = `
<div
  className={
    Object {
      "has": [Function],
      "is": [Function],
      "mix": [Function],
      "split": [Function],
      "state": [Function],
      "toString": [Function],
    }
  }
>
  <div
    className="Loader Loader_size_m"
  >
    <div
      className="Loader-Dot"
    />
  </div>
  <div
    className="LC_Notifications"
  >
    <div
      className="SnackBar"
    />
  </div>
</div>
`;
