// Jest Snapshot v1, https://goo.gl/fbAQLP

exports[`Logic Constructor рендерится без ошибок 1`] = `
<div
  className="LogicConstructorWidget"
>
  <div
    data-testid="activities"
  />
  <div
    data-testid="canvas"
  />
</div>
`;
