// Jest Snapshot v1, https://goo.gl/fbAQLP

exports[`Notifications рендерится без ошибок 1`] = `
<div
  className="LC_Notifications"
>
  <div
    className="SnackBar"
  />
</div>
`;
