// Jest Snapshot v1, https://goo.gl/fbAQLP

exports[`Effects рендерится без ошибок 1`] = `
<div>
  Effects
</div>
`;
